// Jest Snapshot v1, https://goo.gl/fbAQLP

exports[`<Category /> renders correctly 1`] = `
<Container
  className="category"
  component="div"
  fluid={false}
  id="coffee"
  lg={false}
  md={false}
  sm={false}
  style={Object {}}
  xl={false}
  xs={false}
  xxl={false}
>
  <Row
    align="normal"
    component="div"
    debug={false}
    gutterWidth={null}
    justify="start"
    nogutter={false}
    nowrap={false}
    style={Object {}}
  >
    <Col
      component="div"
      debug={false}
      lg={null}
      md={null}
      offset={Object {}}
      pull={Object {}}
      push={Object {}}
      sm={null}
      style={Object {}}
      width={null}
      xl={null}
      xs={null}
      xxl={null}
    >
      <h3>
        Cà Phê
      </h3>
    </Col>
  </Row>
  <Product
    description="Note - This text is not longer than 1 line"
    id={0}
    img="270_crop_LATTE.png"
    key="0"
    name="Latte - This is a long text - Please use truncate the text if it is longer than 2 lines"
    oldPrice={90000}
    price={99000}
  />
  <Product
    description="Cappuccino"
    id={1}
    img="270_crop_CAPPUCINO.png"
    key="1"
    name="Cappuccino"
    oldPrice={49000}
    price={39000}
  />
  <Product
    description="Americano"
    id={2}
    img="270_crop_AMERICANO.png"
    key="2"
    name="Americano"
    price={60000}
  />
  <Product
    description="Espresso"
    id={3}
    img="270_crop_ESPRESSO.png"
    key="3"
    name="Espresso"
    price={60000}
  />
  <Product
    description="Caramel Macchiato"
    id={4}
    img="270_crop_CARAMEL-MACCHIATO.png"
    key="4"
    name="Caramel Macchiato"
    price={60000}
  />
</Container>
`;
