// Jest Snapshot v1, https://goo.gl/fbAQLP

exports[`<PaymentMethod /> renders correctly 1`] = `
<Container
  component="div"
  fluid={false}
  lg={false}
  md={false}
  sm={false}
  style={Object {}}
  xl={false}
  xs={false}
  xxl={false}
>
  <Row
    align="normal"
    className="payment-method"
    component="div"
    debug={false}
    gutterWidth={null}
    justify="start"
    nogutter={false}
    nowrap={false}
    style={Object {}}
  >
    <Col
      component="div"
      debug={false}
      lg={null}
      md={null}
      offset={Object {}}
      pull={Object {}}
      push={Object {}}
      sm={null}
      style={Object {}}
      width={null}
      xl={null}
      xs={12}
      xxl={null}
    >
      <div
        className="payment-method__title"
      >
        <span>
          Chỉ thanh toán bằng
        </span>
         
        <img
          alt=""
          src="test-file-stub"
        />
      </div>
    </Col>
    <Col
      component="div"
      debug={false}
      lg={null}
      md={null}
      offset={Object {}}
      pull={Object {}}
      push={Object {}}
      sm={null}
      style={Object {}}
      width={null}
      xl={null}
      xs={12}
      xxl={null}
    >
      <div
        className="payment-method__btn-container"
      >
        <div
          className="payment-method__btn"
        >
          Thanh toán 107.000đ
        </div>
      </div>
    </Col>
  </Row>
</Container>
`;
